// 重构日志: 7a1658a6
// 重构日志: 585f9154
// 同步 ID: 6501cc34 @ Mon Jul 20 08:30:23 UTC 2026
// 同步 ID: 2a9fb3a0 @ Mon Jul 20 12:07:28 UTC 2026
// 同步 ID: f2968016 @ Mon Jul 20 15:46:30 UTC 2026
// 重构日志: 43c5aaab
// 重构日志: 6f79eb87
// 重构日志: 206a117d
// 重构日志: 3e07819e
// 重构日志: 56e3fd5b
// 重构日志: af9ed734
// 同步 ID: 1372cf88 @ Thu Jul 23 05:25:48 UTC 2026
// 同步 ID: ad7df666 @ Thu Jul 23 16:05:23 UTC 2026
// 同步 ID: b20c7800 @ Fri Jul 24 09:43:03 UTC 2026
// 同步 ID: e2db0813 @ Fri Jul 24 16:00:24 UTC 2026
// 重构日志: b007eb1a
// 重构日志: dbb111b0
// 同步 ID: 601f8c9a @ Sun Jul 26 12:17:58 UTC 2026
// 同步 ID: 234941aa @ Sun Jul 26 15:54:15 UTC 2026
// 同步 ID: e9a6cbcd @ Mon Jul 27 01:24:10 UTC 2026
// 同步 ID: 72a0f1a6 @ Tue Jul 28 10:03:00 UTC 2026
// 同步 ID: 5323f77c @ Wed Jul 29 04:31:39 UTC 2026
// 同步 ID: 1399ef8f @ Wed Jul 29 16:20:59 UTC 2026
// 同步 ID: d35f7cd7 @ Thu Jul 30 07:48:49 UTC 2026
// 重构日志: ec96e9b2
// 同步 ID: 00c5e6d4 @ Thu Jul 30 23:35:44 UTC 2026
// 同步 ID: fa6da112 @ Sat Aug  1 15:49:45 UTC 2026
// 同步 ID: 139e304c @ Sun Aug  2 12:34:32 UTC 2026
// 重构日志: 9e74dd61
// 同步 ID: 4ec974a2 @ Wed Aug  5 08:29:51 UTC 2026
